Error: syntax error, parsing number, line 4, file '/home/andrew/trealla/tests/issues/test020.pl'
