uncaught exception: error(type_error(callable,1),main/0)
